---
source: crates/tests/src/owner_signature.rs
assertion_line: 57
expression: reply
---
status:
  code: 200
entry:
  recordsWrite:
    descriptor:
      interface: Records
      method: Write
      messageTimestamp: "[messageTimestamp]"
      dataCid: bafkreigu2kgwt6jz332rro7iotzmkiy74mdpux744wqcqf2mxh7l2hm6jq
      dataSize: 31
      dataFormat: application/json
      dateCreated: "[dateCreated]"
      published: true
      datePublished: "[datePublished]"
    authorization:
      signature:
        payload: "[payload]"
        signatures:
          - protected: eyJhbGciOiJFZERTQSIsInR5cCI6Imp3dCIsImtpZCI6ImRpZDprZXk6ejZNa3FXR1ZVd013dDRhaHhFU1RWZzFnanZ4WjR3NEtrWG9ta3NTTWRDQjNlSGVEI3o2TWtxV0dWVXdNd3Q0YWh4RVNUVmcxZ2p2eFo0dzRLa1hvbWtzU01kQ0IzZUhlRCJ9
            signature: "[signature]"
    recordId: "[recordId]"
